Microchip MPLAB XC8 Compiler V2.40

Linker command line:

-W-3 \
  --edf=C:\Program Files\Microchip\xc8\v2.40\pic\dat\20220703182018_en.msgs \
  -cn -h+dist/default/production\Invernadero.X.production.sym \
  --cmf=dist/default/production\Invernadero.X.production.cmf -z -Q18F4550 \
  -oC:\Users\57301\AppData\Local\Temp\xcAslcg.4 --defsym=__MPLAB_BUILD=1 \
  --fixupoverflow=error \
  -Mdist/default/production/Invernadero.X.production.map \
  --md=C:\Users\57301\AppData\Local\Temp\xcAslcg.dat -E1 -ver=XC8 Compiler \
  --acfsm=1493 -ACODE=00h-07FFFh -ACONST=00h-07FFFh \
  -ASMALLCONST=0800h-08FFhx120 -AMEDIUMCONST=0800h-07FFFh -ACOMRAM=01h-05Fh \
  -AABS1=00h-07FFh -ABIGRAM=01h-07FFh -ARAM=060h-0FFh,0100h-01FFhx7 \
  -ABANK0=060h-0FFh -ABANK1=0100h-01FFh -ABANK2=0200h-02FFh \
  -ABANK3=0300h-03FFh -ABANK4=0400h-04FFh -ABANK5=0500h-05FFh \
  -ABANK6=0600h-06FFh -ABANK7=0700h-07FFh -ASFR=0F60h-0FFFh \
  -ABIGSFR=0F60h-0FFFh -ACONFIG=0300000h-030000Dh -AIDLOC=0200000h-0200007h \
  -AEEDATA=0F00000h-0F000FFh -peeprom_data=EEDATA \
  -preset_vec=00h,intcode,intcodelo,powerup,init -pramtop=0800h \
  -psmallconst=SMALLCONST -pmediumconst=MEDIUMCONST -pconst=CONST \
  -AFARRAM=00h-00h \
  -prdata=COMRAM,nvrram=COMRAM,nvbit=COMRAM,rbss=COMRAM,rbit=COMRAM \
  -pfarbss=FARRAM,fardata=FARRAM,nvFARRAM=FARRAM \
  -pintsave_regs=BIGRAM,bigbss=BIGRAM,bigdata=BIGRAM -pbss=RAM \
  -pidata=CODE,irdata=CODE,ibigdata=CODE,ifardata=CODE -prparam=COMRAM \
  C:\Users\57301\AppData\Local\Temp\xcAslcg.o \
  dist/default/production\Invernadero.X.production.o 

Object code version is 3.11

Machine type is 18F4550



                Name                               Link     Load   Length Selector   Space Scale
C:\Users\57301\AppData\Local\Temp\xcAslcg.o
                idloc                            200000   200000        8        0       5
                config                           300000   300000        E        0       4
                init                                  0        0        4        0       0
dist/default/production\Invernadero.X.production.o
                idloc                            200000   200000        8        0       5
                config                           300000   300000        E        0       4
                smallconst                          800      800       1E      400       0
                text30                             215A     215A       2C      40F       0
                text29                             1E8C     1E8C       5C      40F       0
                text28                             21AC     21AC       20      40F       0
                text27                             1F88     1F88       4A      40F       0
                text26                             21E8     21E8       1C      40F       0
                text25                             212C     212C       2E      40F       0
                text24                             21CC     21CC       1C      40F       0
                text23                             20FC     20FC       30      40F       0
                text22                             2056     2056       40      40F       0
                text21                              81E      81E      4C0      40F       0
                text20                              CDE      CDE      39A      40F       0
                text19                             1B52     1B52      106      40F       0
                text18                             1564     1564      1B4      40F       0
                text17                             1D22     1D22       94      40F       0
                text16                             221C     221C       16      40F       0
                text15                             20CC     20CC       30      40F       0
                text14                             1718     1718      188      40F       0
                text13                             18A0     18A0      164      40F       0
                text12                             2016     2016       40      40F       0
                text11                             2232     2232        2      40F       0
                text10                             1C58     1C58       CA      40F       0
                text9                              1FD2     1FD2       44      40F       0
                text8                              1DB6     1DB6       7A      40F       0
                text7                              1078     1078      27C      40F       0
                text6                              1A04     1A04      14E      40F       0
                text5                              1F3A     1F3A       4E      40F       0
                text4                              1EE8     1EE8       52      40F       0
                text3                              1E30     1E30       5C      40F       0
                text2                              2096     2096       36      40F       0
                text1                              2186     2186       26      40F       0
                text0                              12F4     12F4      270      40F       0
                cstackCOMRAM                          1        1       5E        1       1
                cstackBANK0                          B6       B6       20       60       1
                bssBANK0                             60       60       56       60       1
                bssCOMRAM                            5F       5F        1        1       1
                cinit                              2204     2204       18      40F       0

TOTAL           Name                               Link     Load   Length     Space
        CLASS   CODE           
                init                                  0        0        4         0
                text30                             215A     215A       2C         0
                text29                             1E8C     1E8C       5C         0
                text28                             21AC     21AC       20         0
                text27                             1F88     1F88       4A         0
                text26                             21E8     21E8       1C         0
                text25                             212C     212C       2E         0
                text24                             21CC     21CC       1C         0
                text23                             20FC     20FC       30         0
                text22                             2056     2056       40         0
                text21                              81E      81E      4C0         0
                text20                              CDE      CDE      39A         0
                text19                             1B52     1B52      106         0
                text18                             1564     1564      1B4         0
                text17                             1D22     1D22       94         0
                text16                             221C     221C       16         0
                text15                             20CC     20CC       30         0
                text14                             1718     1718      188         0
                text13                             18A0     18A0      164         0
                text12                             2016     2016       40         0
                text11                             2232     2232        2         0
                text10                             1C58     1C58       CA         0
                text9                              1FD2     1FD2       44         0
                text8                              1DB6     1DB6       7A         0
                text7                              1078     1078      27C         0
                text6                              1A04     1A04      14E         0
                text5                              1F3A     1F3A       4E         0
                text4                              1EE8     1EE8       52         0
                text3                              1E30     1E30       5C         0
                text2                              2096     2096       36         0
                text1                              2186     2186       26         0
                text0                              12F4     12F4      270         0
                cinit                              2204     2204       18         0

        CLASS   CONST          

        CLASS   SMALLCONST     
                smallconst                          800      800       1E         0

        CLASS   MEDIUMCONST    

        CLASS   COMRAM         
                cstackCOMRAM                          1        1       5E         1
                bssCOMRAM                            5F       5F        1         1

        CLASS   ABS1           

        CLASS   BIGRAM         

        CLASS   RAM            

        CLASS   BANK0          
                cstackBANK0                          B6       B6       20         1
                bssBANK0                             60       60       56         1

        CLASS   BANK1          

        CLASS   BANK2          

        CLASS   BANK3          

        CLASS   BANK4          

        CLASS   BANK5          

        CLASS   BANK6          

        CLASS   BANK7          

        CLASS   SFR            

        CLASS   BIGSFR         

        CLASS   CONFIG         
                config                           300000   300000        E         4

        CLASS   IDLOC          
                idloc                            200000   200000        8         5

        CLASS   EEDATA         

        CLASS   FARRAM         

        CLASS   HEAP           

        CLASS   STACK          



SEGMENTS        Name                           Load    Length   Top    Selector   Space  Class

                reset_vec                      000000  000004  000004         0       0  CODE    
                cstackCOMRAM                   000001  00005F  000060         1       1  COMRAM  
                bssBANK0                       000060  000076  0000D6        60       1  BANK0   
                smallconst                     000800  00001E  00081E       400       0  SMALLCON
                text21                         00081E  001A16  002234       40F       0  CODE    


UNUSED ADDRESS RANGES

        Name                Unused          Largest block    Delta
        BANK0            0000D6-0000FF               2A
        BANK1            000100-0001FF              100
        BANK2            000200-0002FF              100
        BANK3            000300-0003FF              100
        BANK4            000400-0004FF              100
        BANK5            000500-0005FF              100
        BANK6            000600-0006FF              100
        BANK7            000700-0007FF              100
        BIGRAM           0000D6-0007FF              72A
        BIGSFR           000F60-000FFF               A0
        CODE             000004-0007FF              7FC
                         002234-007FFF             5DCC
        CONST            000004-0007FF              7FC
                         002234-007FFF             5DCC
        EEDATA           F00000-F000FF              100
        MEDIUMCONST      002234-007FFF             5DCC
        RAM              0000D6-0007FF              100
        SFR              000F60-000FFF               A0
        SMALLCONST       002234-007FFF              100

                                  Symbol Table

?___aodiv                    cstackCOMRAM 000001
?___aomod                    cstackCOMRAM 000001
?___fladd                    cstackCOMRAM 000028
?___fldiv                    cstackCOMRAM 00000F
?___fltol                    cstackCOMRAM 000001
?___xxtofl                   cstackCOMRAM 000001
?_abs                        cstackCOMRAM 000013
?_sprintf                    cstackCOMRAM 000059
?_strlen                     cstackCOMRAM 000001
?_vfprintf                   cstackCOMRAM 000051
DHT11_ReadData@data          cstackCOMRAM 000002
DHT11_ReadData@i             cstackCOMRAM 000001
LCD_Char@dat                 cstackCOMRAM 000007
LCD_Command@cmd              cstackCOMRAM 000007
LCD_String@msg               cstackCOMRAM 000008
LCD_String_xy@location       cstackCOMRAM 00000E
LCD_String_xy@msg            cstackCOMRAM 00000B
LCD_String_xy@pos            cstackCOMRAM 00000A
LCD_String_xy@row            cstackCOMRAM 00000D
MSdelay@i                    cstackCOMRAM 000003
MSdelay@j                    cstackCOMRAM 000005
MSdelay@val                  cstackCOMRAM 000001
USART_Init@baud_rate         cstackCOMRAM 000038
USART_Init@temp              cstackCOMRAM 00003C
USART_SendString@out         cstackCOMRAM 000002
USART_TxChar@out             cstackCOMRAM 000001
_ADCON1                      (abs)        000FC1
_CREN                        (abs)        007D5C
_DHT11_CheckResponse         text30       00215A
_DHT11_ReadData              text29       001E8C
_DHT11_Start                 text28       0021AC
_LATA0                       (abs)        007C48
_LATB                        (abs)        000F8A
_LATD0                       (abs)        007C60
_LATD1                       (abs)        007C61
_LATE0                       (abs)        007C68
_LATE1                       (abs)        007C69
_LCD_Char                    text24       0021CC
_LCD_Command                 text26       0021E8
_LCD_Init                    text25       00212C
_LCD_String                  text23       0020FC
_LCD_String_xy               text22       002056
_MSdelay                     text27       001F88
_OSCCON                      (abs)        000FD3
_PORTAbits                   (abs)        000F80
_RCIF                        (abs)        007CF5
_RCREG                       (abs)        000FAE
_RCSTA                       (abs)        000FAB
_RCSTAbits                   (abs)        000FAB
_SPBRG                       (abs)        000FAF
_TRISAbits                   (abs)        000F92
_TRISB                       (abs)        000F93
_TRISC6                      (abs)        007CA6
_TRISC7                      (abs)        007CA7
_TRISD                       (abs)        000F95
_TRISE0                      (abs)        007CB0
_TRISE1                      (abs)        007CB1
_TXIF                        (abs)        007CF4
_TXREG                       (abs)        000FAD
_TXSTA                       (abs)        000FAC
_USART_Init                  text17       001D22
_USART_SendString            text15       0020CC
_USART_TxChar                text16       00221C
__HRAM                       (abs)        000000
__Habs1                      abs1         000000
__Hbank0                     bank0        000000
__Hbank1                     bank1        000000
__Hbank2                     bank2        000000
__Hbank3                     bank3        000000
__Hbank4                     bank4        000000
__Hbank5                     bank5        000000
__Hbank6                     bank6        000000
__Hbank7                     bank7        000000
__Hbigbss                    bigbss       000000
__Hbigdata                   bigdata      000000
__Hbigram                    bigram       000000
__Hbigsfr                    bigsfr       000000
__Hbss                       bss          000000
__HbssBANK0                  bssBANK0     000000
__HbssCOMRAM                 bssCOMRAM    000000
__Hcinit                     cinit        000000
__Hclrtext                   clrtext      000000
__Hcomram                    comram       000000
__Hconfig                    config       30000E
__Hconst                     const        000000
__HcstackBANK0               cstackBANK0  000000
__HcstackCOMRAM              cstackCOMRAM 000000
__Hdata                      data         000000
__Heeprom_data               eeprom_data  000000
__Hfarbss                    farbss       000000
__Hfardata                   fardata      000000
__Hheap                      heap         000000
__Hibigdata                  ibigdata     000000
__Hidata                     idata        000000
__Hidloc                     idloc        200008
__Hifardata                  ifardata     000000
__Hinit                      init         000004
__Hintcode                   intcode      000000
__Hintcode_body              intcode_body 000000
__Hintcodelo                 intcodelo    000000
__Hintentry                  intentry     000000
__Hintret                    intret       000000
__Hintsave_regs              intsave_regs 000000
__Hirdata                    irdata       000000
__Hmediumconst               mediumconst  000000
__HnvFARRAM                  nvFARRAM     000000
__Hnvbit                     nvbit        000000
__Hnvrram                    nvrram       000000
__Hparam                     rparam       000000
__Hpowerup                   powerup      000000
__Hram                       ram          000000
__Hramtop                    ramtop       000800
__Hrbit                      rbit         000000
__Hrbss                      rbss         000000
__Hrdata                     rdata        000000
__Hreset_vec                 reset_vec    000000
__Hrparam                    rparam       000000
__Hsfr                       sfr          000000
__Hsmallconst                smallconst   00081E
__Hspace_0                   (abs)        002234
__Hspace_1                   (abs)        0000D6
__Hspace_2                   (abs)        000000
__Hspace_4                   (abs)        60000E
__Hstack                     stack        000000
__Hstruct                    struct       000000
__Htemp                      temp         000000
__Htext                      text         000000
__Htext0                     text0        000000
__Htext1                     text1        000000
__Htext10                    text10       000000
__Htext11                    text11       000000
__Htext12                    text12       000000
__Htext13                    text13       000000
__Htext14                    text14       000000
__Htext15                    text15       000000
__Htext16                    text16       000000
__Htext17                    text17       000000
__Htext18                    text18       000000
__Htext19                    text19       000000
__Htext2                     text2        000000
__Htext20                    text20       000000
__Htext21                    text21       000000
__Htext22                    text22       000000
__Htext23                    text23       000000
__Htext24                    text24       000000
__Htext25                    text25       000000
__Htext26                    text26       000000
__Htext27                    text27       000000
__Htext28                    text28       000000
__Htext29                    text29       000000
__Htext3                     text3        000000
__Htext30                    text30       000000
__Htext4                     text4        000000
__Htext5                     text5        000000
__Htext6                     text6        000000
__Htext7                     text7        000000
__Htext8                     text8        000000
__Htext9                     text9        000000
__LRAM                       (abs)        000001
__Labs1                      abs1         000000
__Lbank0                     bank0        000000
__Lbank1                     bank1        000000
__Lbank2                     bank2        000000
__Lbank3                     bank3        000000
__Lbank4                     bank4        000000
__Lbank5                     bank5        000000
__Lbank6                     bank6        000000
__Lbank7                     bank7        000000
__Lbigbss                    bigbss       000000
__Lbigdata                   bigdata      000000
__Lbigram                    bigram       000000
__Lbigsfr                    bigsfr       000000
__Lbss                       bss          000000
__LbssBANK0                  bssBANK0     000000
__LbssCOMRAM                 bssCOMRAM    000000
__Lcinit                     cinit        000000
__Lclrtext                   clrtext      000000
__Lcomram                    comram       000000
__Lconfig                    config       000000
__Lconst                     const        000000
__LcstackBANK0               cstackBANK0  000000
__LcstackCOMRAM              cstackCOMRAM 000000
__Ldata                      data         000000
__Leeprom_data               eeprom_data  000000
__Lfarbss                    farbss       000000
__Lfardata                   fardata      000000
__Lheap                      heap         000000
__Libigdata                  ibigdata     000000
__Lidata                     idata        000000
__Lidloc                     idloc        000000
__Lifardata                  ifardata     000000
__Linit                      init         000000
__Lintcode                   intcode      000000
__Lintcode_body              intcode_body 000000
__Lintcodelo                 intcodelo    000000
__Lintentry                  intentry     000000
__Lintret                    intret       000000
__Lintsave_regs              intsave_regs 000000
__Lirdata                    irdata       000000
__Lmediumconst               mediumconst  000000
__LnvFARRAM                  nvFARRAM     000000
__Lnvbit                     nvbit        000000
__Lnvrram                    nvrram       000000
__Lparam                     rparam       000000
__Lpowerup                   powerup      000000
__Lram                       ram          000000
__Lramtop                    ramtop       000800
__Lrbit                      rbit         000000
__Lrbss                      rbss         000000
__Lrdata                     rdata        000000
__Lreset_vec                 reset_vec    000000
__Lrparam                    rparam       000000
__Lsfr                       sfr          000000
__Lsmallconst                smallconst   000800
__Lspace_0                   (abs)        000000
__Lspace_1                   (abs)        000000
__Lspace_2                   (abs)        000000
__Lspace_4                   (abs)        000000
__Lstack                     stack        000000
__Lstruct                    struct       000000
__Ltemp                      temp         000000
__Ltext                      text         000000
__Ltext0                     text0        000000
__Ltext1                     text1        000000
__Ltext10                    text10       000000
__Ltext11                    text11       000000
__Ltext12                    text12       000000
__Ltext13                    text13       000000
__Ltext14                    text14       000000
__Ltext15                    text15       000000
__Ltext16                    text16       000000
__Ltext17                    text17       000000
__Ltext18                    text18       000000
__Ltext19                    text19       000000
__Ltext2                     text2        000000
__Ltext20                    text20       000000
__Ltext21                    text21       000000
__Ltext22                    text22       000000
__Ltext23                    text23       000000
__Ltext24                    text24       000000
__Ltext25                    text25       000000
__Ltext26                    text26       000000
__Ltext27                    text27       000000
__Ltext28                    text28       000000
__Ltext29                    text29       000000
__Ltext3                     text3        000000
__Ltext30                    text30       000000
__Ltext4                     text4        000000
__Ltext5                     text5        000000
__Ltext6                     text6        000000
__Ltext7                     text7        000000
__Ltext8                     text8        000000
__Ltext9                     text9        000000
__S0                         (abs)        002234
__S1                         (abs)        0000D6
__S4                         (abs)        000000
__S5                         (abs)        000000
___aodiv                     text14       001718
___aodiv@counter             cstackCOMRAM 000011
___aodiv@dividend            cstackCOMRAM 000001
___aodiv@divisor             cstackCOMRAM 000009
___aodiv@quotient            cstackCOMRAM 000013
___aodiv@sign                cstackCOMRAM 000012
___aomod                     text13       0018A0
___aomod@counter             cstackCOMRAM 000011
___aomod@dividend            cstackCOMRAM 000001
___aomod@divisor             cstackCOMRAM 000009
___aomod@sign                cstackCOMRAM 000012
___fladd                     text21       00081E
___fladd@a                   cstackCOMRAM 00002C
___fladd@aexp                cstackCOMRAM 000035
___fladd@b                   cstackCOMRAM 000028
___fladd@bexp                cstackCOMRAM 000036
___fladd@grs                 cstackCOMRAM 000037
___fladd@signs               cstackCOMRAM 000034
___fldiv                     text20       000CDE
___fldiv@a                   cstackCOMRAM 000013
___fldiv@aexp                cstackCOMRAM 000027
___fldiv@b                   cstackCOMRAM 00000F
___fldiv@bexp                cstackCOMRAM 000026
___fldiv@grs                 cstackCOMRAM 000022
___fldiv@new_exp             cstackCOMRAM 000020
___fldiv@rem                 cstackCOMRAM 00001B
___fldiv@sign                cstackCOMRAM 00001F
___fltol                     text19       001B52
___fltol@exp1                cstackCOMRAM 00000A
___fltol@f1                  cstackCOMRAM 000001
___fltol@sign1               cstackCOMRAM 000009
___heap_hi                   (abs)        000000
___heap_lo                   (abs)        000000
___inthi_sp                  stack        000000
___intlo_sp                  stack        000000
___param_bank                (abs)        000000
___rparam_used               (abs)        000001
___sp                        stack        000000
___xxtofl                    text18       001564
___xxtofl@arg                cstackCOMRAM 00000B
___xxtofl@exp                cstackCOMRAM 00000A
___xxtofl@sign               cstackCOMRAM 000009
___xxtofl@val                cstackCOMRAM 000001
__accesstop                  (abs)        000060
__activetblptr               (abs)        000002
__end_of_DHT11_CheckResponse text30       002186
__end_of_DHT11_ReadData      text29       001EE8
__end_of_DHT11_Start         text28       0021CC
__end_of_LCD_Char            text24       0021E8
__end_of_LCD_Command         text26       002204
__end_of_LCD_Init            text25       00215A
__end_of_LCD_String          text23       00212C
__end_of_LCD_String_xy       text22       002096
__end_of_MSdelay             text27       001FD2
__end_of_USART_Init          text17       001DB6
__end_of_USART_SendString    text15       0020FC
__end_of_USART_TxChar        text16       002232
__end_of___aodiv             text14       0018A0
__end_of___aomod             text13       001A04
__end_of___fladd             text21       000CDE
__end_of___fldiv             text20       001078
__end_of___fltol             text19       001C58
__end_of___xxtofl            text18       001718
__end_of__initialization     cinit        002212
__end_of_abs                 text12       002056
__end_of_dtoa                text7        0012F4
__end_of_fputc               text10       001D22
__end_of_fputs               text9        002016
__end_of_main                text0        001564
__end_of_pad                 text8        001E30
__end_of_putch               text11       002234
__end_of_sprintf             text4        001F3A
__end_of_strcat              text1        0021AC
__end_of_strcpy              text3        001E8C
__end_of_strlen              text2        0020CC
__end_of_vfpfcnvrt           text6        001B52
__end_of_vfprintf            text5        001F88
__initialization             cinit        002204
__mediumconst                mediumconst  000000
__pbssBANK0                  bssBANK0     000060
__pbssCOMRAM                 bssCOMRAM    00005F
__pcinit                     cinit        002204
__pcstackBANK0               cstackBANK0  0000B6
__pcstackCOMRAM              cstackCOMRAM 000001
__psmallconst                smallconst   000800
__ptext0                     text0        0012F4
__ptext1                     text1        002186
__ptext10                    text10       001C58
__ptext11                    text11       002232
__ptext12                    text12       002016
__ptext13                    text13       0018A0
__ptext14                    text14       001718
__ptext15                    text15       0020CC
__ptext16                    text16       00221C
__ptext17                    text17       001D22
__ptext18                    text18       001564
__ptext19                    text19       001B52
__ptext2                     text2        002096
__ptext20                    text20       000CDE
__ptext21                    text21       00081E
__ptext22                    text22       002056
__ptext23                    text23       0020FC
__ptext24                    text24       0021CC
__ptext25                    text25       00212C
__ptext26                    text26       0021E8
__ptext27                    text27       001F88
__ptext28                    text28       0021AC
__ptext29                    text29       001E8C
__ptext3                     text3        001E30
__ptext30                    text30       00215A
__ptext4                     text4        001EE8
__ptext5                     text5        001F3A
__ptext6                     text6        001A04
__ptext7                     text7        001078
__ptext8                     text8        001DB6
__ptext9                     text9        001FD2
__ramtop                     ramtop       000800
__smallconst                 smallconst   000800
_abs                         text12       002016
_dbuf                        bssBANK0     000096
_dtoa                        text7        001078
_dtoa$858                    cstackCOMRAM 00002E
_flags                       bssCOMRAM    00005F
_fputc                       text10       001C58
_fputs                       text9        001FD2
_main                        text0        0012F4
_pad                         text8        001DB6
_prec                        bssBANK0     000062
_putch                       text11       002232
_sprintf                     text4        001EE8
_strcat                      text1        002186
_strcpy                      text3        001E30
_stringbt                    bssBANK0     000064
_strlen                      text2        002096
_vfpfcnvrt                   text6        001A04
_vfprintf                    text5        001F3A
_width                       bssBANK0     000060
abs@a                        cstackCOMRAM 000013
dtoa@d                       cstackCOMRAM 00001E
dtoa@fp                      cstackCOMRAM 00001C
dtoa@i                       cstackCOMRAM 00003C
dtoa@n                       cstackCOMRAM 000034
dtoa@p                       cstackCOMRAM 000030
dtoa@s                       cstackCOMRAM 00003E
dtoa@w                       cstackCOMRAM 000032
end_of_initialization        cinit        002212
fputc@c                      cstackCOMRAM 000001
fputc@fp                     cstackCOMRAM 000003
fputs@c                      cstackCOMRAM 00000E
fputs@fp                     cstackCOMRAM 00000C
fputs@i                      cstackCOMRAM 00000F
fputs@s                      cstackCOMRAM 00000A
intlevel0                    text         000000
intlevel1                    text         000000
intlevel2                    text         000000
intlevel3                    text         000000
isa$std                      (abs)        000001
isa$xinst                    (abs)        000000
main@Checksum                cstackBANK0  0000D1
main@Hum_val                 cstackBANK0  0000D3
main@RH_Decimal              cstackBANK0  0000CF
main@RH_Integral             cstackBANK0  0000D4
main@T_Decimal               cstackBANK0  0000D0
main@T_Integral              cstackBANK0  0000D5
main@temp_val                cstackBANK0  0000D2
main@value                   cstackBANK0  0000C5
pad@buf                      cstackCOMRAM 000013
pad@fp                       cstackCOMRAM 000011
pad@i                        cstackCOMRAM 000018
pad@p                        cstackCOMRAM 000015
pad@w                        cstackCOMRAM 00001A
sprintf@ap                   cstackBANK0  0000B6
sprintf@f                    cstackBANK0  0000B8
sprintf@fmt                  cstackCOMRAM 00005B
sprintf@s                    cstackCOMRAM 000059
stackhi                      (abs)        000000
stacklo                      (abs)        000000
start                        init         000000
start_initialization         cinit        002204
strcat@dest                  cstackCOMRAM 00000F
strcat@src                   cstackCOMRAM 000011
strcpy@d                     cstackCOMRAM 00000D
strcpy@dest                  cstackCOMRAM 000005
strcpy@s                     cstackCOMRAM 00000B
strcpy@src                   cstackCOMRAM 000007
strlen@a                     cstackCOMRAM 000003
strlen@s                     cstackCOMRAM 000001
vfpfcnvrt@ap                 cstackCOMRAM 000043
vfpfcnvrt@convarg            cstackCOMRAM 000047
vfpfcnvrt@cp                 cstackCOMRAM 00004F
vfpfcnvrt@fmt                cstackCOMRAM 000041
vfpfcnvrt@fp                 cstackCOMRAM 00003F
vfprintf@ap                  cstackCOMRAM 000055
vfprintf@cfmt                cstackCOMRAM 000057
vfprintf@fmt                 cstackCOMRAM 000053
vfprintf@fp                  cstackCOMRAM 000051


MODULE INFORMATION

Module		Function		Class		Link	Load	Size
C:\Program Files\Microchip\xc8\v2.40\pic\sources\c99\common\nf_fputc.c
		_fputc         		CODE           	1C58	0000	202

C:\Program Files\Microchip\xc8\v2.40\pic\sources\c99\common\nf_fputc.c estimated size: 202

C:\Program Files\Microchip\xc8\v2.40\pic\sources\c99\common\sprcdiv.c
		___fldiv       		CODE           	0CDE	0000	922

C:\Program Files\Microchip\xc8\v2.40\pic\sources\c99\common\sprcdiv.c estimated size: 922

C:\Program Files\Microchip\xc8\v2.40\pic\sources\c99\common\nf_sprintf.c
		_sprintf       		CODE           	1EE8	0000	82

C:\Program Files\Microchip\xc8\v2.40\pic\sources\c99\common\nf_sprintf.c estimated size: 82

C:\Program Files\Microchip\xc8\v2.40\pic\sources\c99\common\fltol.c
		___fltol       		CODE           	1B52	0000	262

C:\Program Files\Microchip\xc8\v2.40\pic\sources\c99\common\fltol.c estimated size: 262

USART_Source_File.c
		_USART_TxChar  		CODE           	221C	0000	22
		_USART_SendString		CODE           	20CC	0000	48
		_USART_Init    		CODE           	1D22	0000	148

USART_Source_File.c estimated size: 218

C:\Program Files\Microchip\xc8\v2.40\pic\sources\c99\common\abs.c
		_abs           		CODE           	2016	0000	64

C:\Program Files\Microchip\xc8\v2.40\pic\sources\c99\common\abs.c estimated size: 64

C:\Program Files\Microchip\xc8\v2.40\pic\sources\c99\common\sprcadd.c
		___fladd       		CODE           	081E	0000	1216

C:\Program Files\Microchip\xc8\v2.40\pic\sources\c99\common\sprcadd.c estimated size: 1216

C:\Program Files\Microchip\xc8\v2.40\pic\sources\c99\common\strcat.c
		_strcat        		CODE           	2186	0000	38

C:\Program Files\Microchip\xc8\v2.40\pic\sources\c99\common\strcat.c estimated size: 38

humidity_Temp.c
		_main          		CODE           	12F4	0000	624
		_DHT11_Start   		CODE           	21AC	0000	32
		_DHT11_CheckResponse		CODE           	215A	0000	44
		_DHT11_ReadData		CODE           	1E8C	0000	92

humidity_Temp.c estimated size: 792

C:\Program Files\Microchip\xc8\v2.40\pic\sources\c99\common\xxtofl.c
		___xxtofl      		CODE           	1564	0000	436

C:\Program Files\Microchip\xc8\v2.40\pic\sources\c99\common\xxtofl.c estimated size: 436

C:\Program Files\Microchip\xc8\v2.40\pic\sources\c99\common\nf_fputs.c
		_fputs         		CODE           	1FD2	0000	68

C:\Program Files\Microchip\xc8\v2.40\pic\sources\c99\common\nf_fputs.c estimated size: 68

LCD_16x2.c
		_LCD_String    		CODE           	20FC	0000	48
		_LCD_Init      		CODE           	212C	0000	46
		_LCD_Command   		CODE           	21E8	0000	28
		_LCD_String_xy 		CODE           	2056	0000	64
		_LCD_Char      		CODE           	21CC	0000	28
		_MSdelay       		CODE           	1F88	0000	74

LCD_16x2.c estimated size: 288

C:\Program Files\Microchip\xc8\v2.40\pic\sources\c99\common\aomod.c
		___aomod       		CODE           	18A0	0000	356

C:\Program Files\Microchip\xc8\v2.40\pic\sources\c99\common\aomod.c estimated size: 356

C:\Program Files\Microchip\xc8\v2.40\pic\sources\c99\common\strlen.c
		_strlen        		CODE           	2096	0000	54

C:\Program Files\Microchip\xc8\v2.40\pic\sources\c99\common\strlen.c estimated size: 54

shared
		__initialization		CODE           	2204	0000	14

shared estimated size: 14

C:\Program Files\Microchip\xc8\v2.40\pic\sources\c99\common\strcpy.c
		_strcpy        		CODE           	1E30	0000	92

C:\Program Files\Microchip\xc8\v2.40\pic\sources\c99\common\strcpy.c estimated size: 92

C:\Program Files\Microchip\xc8\v2.40\pic\sources\c99\common\putch.c
		_putch         		CODE           	2232	0000	2

C:\Program Files\Microchip\xc8\v2.40\pic\sources\c99\common\putch.c estimated size: 2

C:\Program Files\Microchip\xc8\v2.40\pic\sources\c99\common\doprnt.c
		_vfpfcnvrt     		CODE           	1A04	0000	334
		_pad           		CODE           	1DB6	0000	122
		_dtoa          		CODE           	1078	0000	636
		_vfprintf      		CODE           	1F3A	0000	78

C:\Program Files\Microchip\xc8\v2.40\pic\sources\c99\common\doprnt.c estimated size: 1170

C:\Program Files\Microchip\xc8\v2.40\pic\sources\c99\common\aodiv.c
		___aodiv       		CODE           	1718	0000	392

C:\Program Files\Microchip\xc8\v2.40\pic\sources\c99\common\aodiv.c estimated size: 392

